Archive member included to satisfy reference by file (symbol)

/opt/st/stm32cubeclt_1.16.0/GNU-tools-for-STM32/bin/../lib/gcc/arm-none-eabi/12.3.1/../../../../arm-none-eabi/lib/thumb/v7e-m+fp/hard/libc_nano.a(libc_a-exit.o)
                              /opt/st/stm32cubeclt_1.16.0/GNU-tools-for-STM32/bin/../lib/gcc/arm-none-eabi/12.3.1/../../../../arm-none-eabi/lib/thumb/v7e-m+fp/hard/crt0.o (exit)
/opt/st/stm32cubeclt_1.16.0/GNU-tools-for-STM32/bin/../lib/gcc/arm-none-eabi/12.3.1/../../../../arm-none-eabi/lib/thumb/v7e-m+fp/hard/libc_nano.a(libc_a-findfp.o)
                              /opt/st/stm32cubeclt_1.16.0/GNU-tools-for-STM32/bin/../lib/gcc/arm-none-eabi/12.3.1/../../../../arm-none-eabi/lib/thumb/v7e-m+fp/hard/libc_nano.a(libc_a-exit.o) (__stdio_exit_handler)
/opt/st/stm32cubeclt_1.16.0/GNU-tools-for-STM32/bin/../lib/gcc/arm-none-eabi/12.3.1/../../../../arm-none-eabi/lib/thumb/v7e-m+fp/hard/libc_nano.a(libc_a-fwalk.o)
                              /opt/st/stm32cubeclt_1.16.0/GNU-tools-for-STM32/bin/../lib/gcc/arm-none-eabi/12.3.1/../../../../arm-none-eabi/lib/thumb/v7e-m+fp/hard/libc_nano.a(libc_a-findfp.o) (_fwalk_sglue)
/opt/st/stm32cubeclt_1.16.0/GNU-tools-for-STM32/bin/../lib/gcc/arm-none-eabi/12.3.1/../../../../arm-none-eabi/lib/thumb/v7e-m+fp/hard/libc_nano.a(libc_a-stdio.o)
                              /opt/st/stm32cubeclt_1.16.0/GNU-tools-for-STM32/bin/../lib/gcc/arm-none-eabi/12.3.1/../../../../arm-none-eabi/lib/thumb/v7e-m+fp/hard/libc_nano.a(libc_a-findfp.o) (__sread)
/opt/st/stm32cubeclt_1.16.0/GNU-tools-for-STM32/bin/../lib/gcc/arm-none-eabi/12.3.1/../../../../arm-none-eabi/lib/thumb/v7e-m+fp/hard/libc_nano.a(libc_a-memset.o)
                              /opt/st/stm32cubeclt_1.16.0/GNU-tools-for-STM32/bin/../lib/gcc/arm-none-eabi/12.3.1/../../../../arm-none-eabi/lib/thumb/v7e-m+fp/hard/crt0.o (memset)
/opt/st/stm32cubeclt_1.16.0/GNU-tools-for-STM32/bin/../lib/gcc/arm-none-eabi/12.3.1/../../../../arm-none-eabi/lib/thumb/v7e-m+fp/hard/libc_nano.a(libc_a-closer.o)
                              /opt/st/stm32cubeclt_1.16.0/GNU-tools-for-STM32/bin/../lib/gcc/arm-none-eabi/12.3.1/../../../../arm-none-eabi/lib/thumb/v7e-m+fp/hard/libc_nano.a(libc_a-stdio.o) (_close_r)
/opt/st/stm32cubeclt_1.16.0/GNU-tools-for-STM32/bin/../lib/gcc/arm-none-eabi/12.3.1/../../../../arm-none-eabi/lib/thumb/v7e-m+fp/hard/libc_nano.a(libc_a-reent.o)
                              /opt/st/stm32cubeclt_1.16.0/GNU-tools-for-STM32/bin/../lib/gcc/arm-none-eabi/12.3.1/../../../../arm-none-eabi/lib/thumb/v7e-m+fp/hard/libc_nano.a(libc_a-closer.o) (errno)
/opt/st/stm32cubeclt_1.16.0/GNU-tools-for-STM32/bin/../lib/gcc/arm-none-eabi/12.3.1/../../../../arm-none-eabi/lib/thumb/v7e-m+fp/hard/libc_nano.a(libc_a-impure.o)
                              /opt/st/stm32cubeclt_1.16.0/GNU-tools-for-STM32/bin/../lib/gcc/arm-none-eabi/12.3.1/../../../../arm-none-eabi/lib/thumb/v7e-m+fp/hard/libc_nano.a(libc_a-reent.o) (_impure_ptr)
/opt/st/stm32cubeclt_1.16.0/GNU-tools-for-STM32/bin/../lib/gcc/arm-none-eabi/12.3.1/../../../../arm-none-eabi/lib/thumb/v7e-m+fp/hard/libc_nano.a(libc_a-lseekr.o)
                              /opt/st/stm32cubeclt_1.16.0/GNU-tools-for-STM32/bin/../lib/gcc/arm-none-eabi/12.3.1/../../../../arm-none-eabi/lib/thumb/v7e-m+fp/hard/libc_nano.a(libc_a-stdio.o) (_lseek_r)
/opt/st/stm32cubeclt_1.16.0/GNU-tools-for-STM32/bin/../lib/gcc/arm-none-eabi/12.3.1/../../../../arm-none-eabi/lib/thumb/v7e-m+fp/hard/libc_nano.a(libc_a-readr.o)
                              /opt/st/stm32cubeclt_1.16.0/GNU-tools-for-STM32/bin/../lib/gcc/arm-none-eabi/12.3.1/../../../../arm-none-eabi/lib/thumb/v7e-m+fp/hard/libc_nano.a(libc_a-stdio.o) (_read_r)
/opt/st/stm32cubeclt_1.16.0/GNU-tools-for-STM32/bin/../lib/gcc/arm-none-eabi/12.3.1/../../../../arm-none-eabi/lib/thumb/v7e-m+fp/hard/libc_nano.a(libc_a-writer.o)
                              /opt/st/stm32cubeclt_1.16.0/GNU-tools-for-STM32/bin/../lib/gcc/arm-none-eabi/12.3.1/../../../../arm-none-eabi/lib/thumb/v7e-m+fp/hard/libc_nano.a(libc_a-stdio.o) (_write_r)
/opt/st/stm32cubeclt_1.16.0/GNU-tools-for-STM32/bin/../lib/gcc/arm-none-eabi/12.3.1/../../../../arm-none-eabi/lib/thumb/v7e-m+fp/hard/libc_nano.a(libc_a-init.o)
                              /opt/st/stm32cubeclt_1.16.0/GNU-tools-for-STM32/bin/../lib/gcc/arm-none-eabi/12.3.1/../../../../arm-none-eabi/lib/thumb/v7e-m+fp/hard/crt0.o (__libc_init_array)
/opt/st/stm32cubeclt_1.16.0/GNU-tools-for-STM32/bin/../lib/gcc/arm-none-eabi/12.3.1/../../../../arm-none-eabi/lib/thumb/v7e-m+fp/hard/libc_nano.a(libc_a-lock.o)
                              /opt/st/stm32cubeclt_1.16.0/GNU-tools-for-STM32/bin/../lib/gcc/arm-none-eabi/12.3.1/../../../../arm-none-eabi/lib/thumb/v7e-m+fp/hard/libc_nano.a(libc_a-findfp.o) (__retarget_lock_init_recursive)
/opt/st/stm32cubeclt_1.16.0/GNU-tools-for-STM32/bin/../lib/gcc/arm-none-eabi/12.3.1/../../../../arm-none-eabi/lib/thumb/v7e-m+fp/hard/libc_nano.a(libc_a-freer.o)
[...]
Memory Configuration

Name             Origin             Length             Attributes
RAM              0x20000000         0x00040000         xrw
FLASH            0x08000000         0x00080000         xr
*default*        0x00000000         0xffffffff

Linker script and memory map

LOAD /opt/st/stm32cubeclt_1.16.0/GNU-tools-for-STM32/bin/../lib/gcc/arm-none-eabi/12.3.1/thumb/v7e-m+fp/hard/crti.o
LOAD /opt/st/stm32cubeclt_1.16.0/GNU-tools-for-STM32/bin/../lib/gcc/arm-none-eabi/12.3.1/thumb/v7e-m+fp/hard/crtbegin.o
LOAD /opt/st/stm32cubeclt_1.16.0/GNU-tools-for-STM32/bin/../lib/gcc/arm-none-eabi/12.3.1/../../../../arm-none-eabi/lib/thumb/v7e-m+fp/hard/crt0.o
START GROUP
LOAD /opt/st/stm32cubeclt_1.16.0/GNU-tools-for-STM32/bin/../lib/gcc/arm-none-eabi/12.3.1/../../../../arm-none-eabi/lib/thumb/v7e-m+fp/hard/libc_nano.a
LOAD /opt/st/stm32cubeclt_1.16.0/GNU-tools-for-STM32/bin/../lib/gcc/arm-none-eabi/12.3.1/../../../../arm-none-eabi/lib/thumb/v7e-m+fp/hard/libm.a
END GROUP
LOAD CMakeFiles/stm32f4.dir/Core/Src/main.c.obj
LOAD CMakeFiles/stm32f4.dir/Core/Src/stm32f4xx_it.c.obj
LOAD CMakeFiles/stm32f4.dir/Core/Src/stm32f4xx_hal_msp.c.obj
LOAD CMakeFiles/stm32f4.dir/Drivers/STM32F4xx_HAL_Driver/Src/stm32f4xx_hal_adc.c.obj
LOAD CMakeFiles/stm32f4.dir/Drivers/STM32F4xx_HAL_Driver/Src/stm32f4xx_hal_adc_ex.c.obj
LOAD CMakeFiles/stm32f4.dir/Drivers/STM32F4xx_HAL_Driver/Src/stm32f4xx_ll_adc.c.obj
LOAD CMakeFiles/stm32f4.dir/Drivers/STM32F4xx_HAL_Driver/Src/stm32f4xx_hal_rcc.c.obj
LOAD CMakeFiles/stm32f4.dir/Drivers/STM32F4xx_HAL_Driver/Src/stm32f4xx_hal_rcc_ex.c.obj
LOAD CMakeFiles/stm32f4.dir/Drivers/STM32F4xx_HAL_Driver/Src/stm32f4xx_hal_flash.c.obj
LOAD CMakeFiles/stm32f4.dir/Drivers/STM32F4xx_HAL_Driver/Src/stm32f4xx_hal_flash_ex.c.obj
LOAD CMakeFiles/stm32f4.dir/Drivers/STM32F4xx_HAL_Driver/Src/stm32f4xx_hal_flash_ramfunc.c.obj
LOAD CMakeFiles/stm32f4.dir/Drivers/STM32F4xx_HAL_Driver/Src/stm32f4xx_hal_gpio.c.obj
LOAD CMakeFiles/stm32f4.dir/Drivers/STM32F4xx_HAL_Driver/Src/stm32f4xx_hal_dma_ex.c.obj
LOAD CMakeFiles/stm32f4.dir/Drivers/STM32F4xx_HAL_Driver/Src/stm32f4xx_hal_dma.c.obj
LOAD CMakeFiles/stm32f4.dir/Drivers/STM32F4xx_HAL_Driver/Src/stm32f4xx_hal_pwr.c.obj
LOAD CMakeFiles/stm32f4.dir/Drivers/STM32F4xx_HAL_Driver/Src/stm32f4xx_hal_pwr_ex.c.obj
LOAD CMakeFiles/stm32f4.dir/Drivers/STM32F4xx_HAL_Driver/Src/stm32f4xx_hal_cortex.c.obj
LOAD CMakeFiles/stm32f4.dir/Drivers/STM32F4xx_HAL_Driver/Src/stm32f4xx_hal.c.obj
LOAD CMakeFiles/stm32f4.dir/Drivers/STM32F4xx_HAL_Driver/Src/stm32f4xx_hal_exti.c.obj
LOAD CMakeFiles/stm32f4.dir/Drivers/STM32F4xx_HAL_Driver/Src/stm32f4xx_hal_can.c.obj
LOAD CMakeFiles/stm32f4.dir/Drivers/STM32F4xx_HAL_Driver/Src/stm32f4xx_hal_tim.c.obj
LOAD CMakeFiles/stm32f4.dir/Drivers/STM32F4xx_HAL_Driver/Src/stm32f4xx_hal_tim_ex.c.obj
LOAD CMakeFiles/stm32f4.dir/Core/Src/system_stm32f4xx.c.obj
LOAD CMakeFiles/stm32f4.dir/Core/Src/sysmem.c.obj
LOAD CMakeFiles/stm32f4.dir/Core/Src/syscalls.c.obj
LOAD CMakeFiles/stm32f4.dir/startup_stm32f412cx.s.obj
START GROUP
LOAD /opt/st/stm32cubeclt_1.16.0/GNU-tools-for-STM32/bin/../lib/gcc/arm-none-eabi/12.3.1/thumb/v7e-m+fp/hard/libgcc.a
LOAD /opt/st/stm32cubeclt_1.16.0/GNU-tools-for-STM32/bin/../lib/gcc/arm-none-eabi/12.3.1/../../../../arm-none-eabi/lib/thumb/v7e-m+fp/hard/libg_nano.a
LOAD /opt/st/stm32cubeclt_1.16.0/GNU-tools-for-STM32/bin/../lib/gcc/arm-none-eabi/12.3.1/../../../../arm-none-eabi/lib/thumb/v7e-m+fp/hard/libc_nano.a
END GROUP
START GROUP
LOAD /opt/st/stm32cubeclt_1.16.0/GNU-tools-for-STM32/bin/../lib/gcc/arm-none-eabi/12.3.1/thumb/v7e-m+fp/hard/libgcc.a
LOAD /opt/st/stm32cubeclt_1.16.0/GNU-tools-for-STM32/bin/../lib/gcc/arm-none-eabi/12.3.1/../../../../arm-none-eabi/lib/thumb/v7e-m+fp/hard/libc_nano.a
END GROUP
LOAD /opt/st/stm32cubeclt_1.16.0/GNU-tools-for-STM32/bin/../lib/gcc/arm-none-eabi/12.3.1/thumb/v7e-m+fp/hard/crtend.o
LOAD /opt/st/stm32cubeclt_1.16.0/GNU-tools-for-STM32/bin/../lib/gcc/arm-none-eabi/12.3.1/thumb/v7e-m+fp/hard/crtn.o
                0x20040000                        _estack = (ORIGIN (RAM) + LENGTH (RAM))
                0x00000200                        _Min_Heap_Size = 0x200
                0x00000400                        _Min_Stack_Size = 0x400

.isr_vector     0x08000000      0x1c4
                0x08000000                        . = ALIGN (0x4)
 *(.isr_vector)
 .isr_vector    0x08000000      0x1c4 CMakeFiles/stm32f4.dir/startup_stm32f412cx.s.obj
                0x08000000                g_pfnVectors
                0x080001c4                        . = ALIGN (0x4)

.text           0x080001c4     0x2e34
                0x080001c4                        . = ALIGN (0x4)
 *(.text)
 .text          0x080001c4       0x40 /opt/st/stm32cubeclt_1.16.0/GNU-tools-for-STM32/bin/../lib/gcc/arm-none-eabi/12.3.1/thumb/v7e-m+fp/hard/crtbegin.o
 .text          0x08000204       0x30 /opt/st/stm32cubeclt_1.16.0/GNU-tools-for-STM32/bin/../lib/gcc/arm-none-eabi/12.3.1/thumb/v7e-m+fp/hard/libgcc.a(_aeabi_uldivmod.o)
                0x08000204                __aeabi_uldivmod
 .text          0x08000234      0x2bc /opt/st/stm32cubeclt_1.16.0/GNU-tools-for-STM32/bin/../lib/gcc/arm-none-eabi/12.3.1/thumb/v7e-m+fp/hard/libgcc.a(_udivmoddi4.o)
                0x08000234                __udivmoddi4
 .text          0x080004f0        0x4 /opt/st/stm32cubeclt_1.16.0/GNU-tools-for-STM32/bin/../lib/gcc/arm-none-eabi/12.3.1/thumb/v7e-m+fp/hard/libgcc.a(_dvmd_tls.o)
                0x080004f0                __aeabi_ldiv0
                0x080004f0                __aeabi_idiv0
 *(.text*)
 .text.memset   0x080004f4       0x10 /opt/st/stm32cubeclt_1.16.0/GNU-tools-for-STM32/bin/../lib/gcc/arm-none-eabi/12.3.1/../../../../arm-none-eabi/lib/thumb/v7e-m+fp/hard/libc_nano.a(libc_a-memset.o)
                0x080004f4                memset
 .text.__libc_init_array
                0x08000504       0x48 /opt/st/stm32cubeclt_1.16.0/GNU-tools-for-STM32/bin/../lib/gcc/arm-none-eabi/12.3.1/../../../../arm-none-eabi/lib/thumb/v7e-m+fp/hard/libc_nano.a(libc_a-init.o)
                0x08000504                __libc_init_array
 .text.main     0x0800054c      0x120 CMakeFiles/stm32f4.dir/Core/Src/main.c.obj
                0x0800054c                main
 .text.SystemClock_Config
                0x0800066c       0xbc CMakeFiles/stm32f4.dir/Core/Src/main.c.obj
                0x0800066c                SystemClock_Config
 .text.MX_ADC1_Init
                0x08000728       0xa4 CMakeFiles/stm32f4.dir/Core/Src/main.c.obj
 .text.MX_CAN1_Init
                0x080007cc       0x6c CMakeFiles/stm32f4.dir/Core/Src/main.c.obj
 .text.MX_GPIO_Init
                0x08000838       0x84 CMakeFiles/stm32f4.dir/Core/Src/main.c.obj
 .text.CAN_Config
                0x080008bc       0x9c CMakeFiles/stm32f4.dir/Core/Src/main.c.obj
 .text.HAL_CAN_RxFifo0MsgPendingCallback
                0x08000958       0x50 CMakeFiles/stm32f4.dir/Core/Src/main.c.obj
                0x08000958                HAL_CAN_RxFifo0MsgPendingCallback
 .text.Error_Handler
                0x080009a8        0xc CMakeFiles/stm32f4.dir/Core/Src/main.c.obj
                0x080009a8                Error_Handler
 .text.NMI_Handler
                0x080009b4        0x8 CMakeFiles/stm32f4.dir/Core/Src/stm32f4xx_it.c.obj
                0x080009b4                NMI_Handler
 .text.HardFault_Handler
                0x080009bc        0x8 CMakeFiles/stm32f4.dir/Core/Src/stm32f4xx_it.c.obj
                0x080009bc                HardFault_Handler
 .text.MemManage_Handler
                0x080009c4        0x8 CMakeFiles/stm32f4.dir/Core/Src/stm32f4xx_it.c.obj
                0x080009c4                MemManage_Handler
 .text.BusFault_Handler
                0x080009cc        0x8 CMakeFiles/stm32f4.dir/Core/Src/stm32f4xx_it.c.obj
                0x080009cc                BusFault_Handler
 .text.UsageFault_Handler
                0x080009d4        0x8 CMakeFiles/stm32f4.dir/Core/Src/stm32f4xx_it.c.obj
                0x080009d4                UsageFault_Handler
 .text.SVC_Handler
                0x080009dc        0xe CMakeFiles/stm32f4.dir/Core/Src/stm32f4xx_it.c.obj
                0x080009dc                SVC_Handler
 .text.DebugMon_Handler
                0x080009ea        0xe CMakeFiles/stm32f4.dir/Core/Src/stm32f4xx_it.c.obj
                0x080009ea                DebugMon_Handler
 .text.PendSV_Handler
                0x080009f8        0xe CMakeFiles/stm32f4.dir/Core/Src/stm32f4xx_it.c.obj
                0x080009f8                PendSV_Handler
 .text.SysTick_Handler
                0x08000a06        0xc CMakeFiles/stm32f4.dir/Core/Src/stm32f4xx_it.c.obj
                0x08000a06                SysTick_Handler
 *fill*         0x08000a12        0x2 
 .text.CAN1_TX_IRQHandler
                0x08000a14       0x14 CMakeFiles/stm32f4.dir/Core/Src/stm32f4xx_it.c.obj
                0x08000a14                CAN1_TX_IRQHandler
 .text.CAN1_RX0_IRQHandler
                0x08000a28       0x14 CMakeFiles/stm32f4.dir/Core/Src/stm32f4xx_it.c.obj
                0x08000a28                CAN1_RX0_IRQHandler
 .text.CAN1_RX1_IRQHandler
                0x08000a3c       0x14 CMakeFiles/stm32f4.dir/Core/Src/stm32f4xx_it.c.obj
                0x08000a3c                CAN1_RX1_IRQHandler
 .text.CAN1_SCE_IRQHandler
                0x08000a50       0x14 CMakeFiles/stm32f4.dir/Core/Src/stm32f4xx_it.c.obj
                0x08000a50                CAN1_SCE_IRQHandler
 .text.HAL_MspInit
                0x08000a64       0x50 CMakeFiles/stm32f4.dir/Core/Src/stm32f4xx_hal_msp.c.obj
                0x08000a64                HAL_MspInit
 .text.HAL_ADC_MspInit
                0x08000ab4       0x88 CMakeFiles/stm32f4.dir/Core/Src/stm32f4xx_hal_msp.c.obj
                0x08000ab4                HAL_ADC_MspInit
 .text.HAL_CAN_MspInit
                0x08000b3c       0xd0 CMakeFiles/stm32f4.dir/Core/Src/stm32f4xx_hal_msp.c.obj
                0x08000b3c                HAL_CAN_MspInit
 .text.HAL_ADC_Init
                0x08000c0c       0x86 CMakeFiles/stm32f4.dir/Drivers/STM32F4xx_HAL_Driver/Src/stm32f4xx_hal_adc.c.obj
                0x08000c0c                HAL_ADC_Init
 *fill*         0x08000c92        0x2 
 .text.HAL_ADC_Start
                0x08000c94      0x168 CMakeFiles/stm32f4.dir/Drivers/STM32F4xx_HAL_Driver/Src/stm32f4xx_hal_adc.c.obj
                0x08000c94                HAL_ADC_Start
 .text.HAL_ADC_PollForConversion
                0x08000dfc      0x116 CMakeFiles/stm32f4.dir/Drivers/STM32F4xx_HAL_Driver/Src/stm32f4xx_hal_adc.c.obj
                0x08000dfc                HAL_ADC_PollForConversion
 .text.HAL_ADC_GetValue
                0x08000f12       0x1a CMakeFiles/stm32f4.dir/Drivers/STM32F4xx_HAL_Driver/Src/stm32f4xx_hal_adc.c.obj
                0x08000f12                HAL_ADC_GetValue
 .text.HAL_ADC_ConfigChannel
                0x08000f2c      0x244 CMakeFiles/stm32f4.dir/Drivers/STM32F4xx_HAL_Driver/Src/stm32f4xx_hal_adc.c.obj
                0x08000f2c                HAL_ADC_ConfigChannel
 .text.ADC_Init
                0x08001170      0x1f8 CMakeFiles/stm32f4.dir/Drivers/STM32F4xx_HAL_Driver/Src/stm32f4xx_hal_adc.c.obj
 .text.HAL_RCC_ClockConfig
                0x08001368      0x1cc CMakeFiles/stm32f4.dir/Drivers/STM32F4xx_HAL_Driver/Src/stm32f4xx_hal_rcc.c.obj
                0x08001368                HAL_RCC_ClockConfig
 .text.HAL_RCC_GetSysClockFreq
                0x08001534      0x18c CMakeFiles/stm32f4.dir/Drivers/STM32F4xx_HAL_Driver/Src/stm32f4xx_hal_rcc.c.obj
                0x08001534                HAL_RCC_GetSysClockFreq
 .text.HAL_RCC_OscConfig
                0x080016c0      0x508 CMakeFiles/stm32f4.dir/Drivers/STM32F4xx_HAL_Driver/Src/stm32f4xx_hal_rcc_ex.c.obj
                0x080016c0                HAL_RCC_OscConfig
 .text.HAL_GPIO_Init
                0x08001bc8      0x2e8 CMakeFiles/stm32f4.dir/Drivers/STM32F4xx_HAL_Driver/Src/stm32f4xx_hal_gpio.c.obj
                0x08001bc8                HAL_GPIO_Init
 .text.HAL_GPIO_ReadPin
                0x08001eb0       0x30 CMakeFiles/stm32f4.dir/Drivers/STM32F4xx_HAL_Driver/Src/stm32f4xx_hal_gpio.c.obj
                0x08001eb0                HAL_GPIO_ReadPin
 .text.HAL_GPIO_WritePin
                0x08001ee0       0x32 CMakeFiles/stm32f4.dir/Drivers/STM32F4xx_HAL_Driver/Src/stm32f4xx_hal_gpio.c.obj
                0x08001ee0                HAL_GPIO_WritePin
 .text.HAL_GPIO_TogglePin
                0x08001f12       0x34 CMakeFiles/stm32f4.dir/Drivers/STM32F4xx_HAL_Driver/Src/stm32f4xx_hal_gpio.c.obj
                0x08001f12                HAL_GPIO_TogglePin
 *fill*         0x08001f46        0x2 
 .text.__NVIC_SetPriorityGrouping
                0x08001f48       0x48 CMakeFiles/stm32f4.dir/Drivers/STM32F4xx_HAL_Driver/Src/stm32f4xx_hal_cortex.c.obj
 .text.__NVIC_GetPriorityGrouping
                0x08001f90       0x1c CMakeFiles/stm32f4.dir/Drivers/STM32F4xx_HAL_Driver/Src/stm32f4xx_hal_cortex.c.obj
 .text.__NVIC_EnableIRQ
                0x08001fac       0x3c CMakeFiles/stm32f4.dir/Drivers/STM32F4xx_HAL_Driver/Src/stm32f4xx_hal_cortex.c.obj
 .text.__NVIC_SetPriority
                0x08001fe8       0x54 CMakeFiles/stm32f4.dir/Drivers/STM32F4xx_HAL_Driver/Src/stm32f4xx_hal_cortex.c.obj
 .text.NVIC_EncodePriority
                0x0800203c       0x66 CMakeFiles/stm32f4.dir/Drivers/STM32F4xx_HAL_Driver/Src/stm32f4xx_hal_cortex.c.obj
 *fill*         0x080020a2        0x2 
 .text.SysTick_Config
                0x080020a4       0x44 CMakeFiles/stm32f4.dir/Drivers/STM32F4xx_HAL_Driver/Src/stm32f4xx_hal_cortex.c.obj
 .text.HAL_NVIC_SetPriorityGrouping
                0x080020e8       0x16 CMakeFiles/stm32f4.dir/Drivers/STM32F4xx_HAL_Driver/Src/stm32f4xx_hal_cortex.c.obj
                0x080020e8                HAL_NVIC_SetPriorityGrouping
 .text.HAL_NVIC_SetPriority
                0x080020fe       0x38 CMakeFiles/stm32f4.dir/Drivers/STM32F4xx_HAL_Driver/Src/stm32f4xx_hal_cortex.c.obj
                0x080020fe                HAL_NVIC_SetPriority
 .text.HAL_NVIC_EnableIRQ
                0x08002136       0x1c CMakeFiles/stm32f4.dir/Drivers/STM32F4xx_HAL_Driver/Src/stm32f4xx_hal_cortex.c.obj
                0x08002136                HAL_NVIC_EnableIRQ
 .text.HAL_SYSTICK_Config
                0x08002152       0x18 CMakeFiles/stm32f4.dir/Drivers/STM32F4xx_HAL_Driver/Src/stm32f4xx_hal_cortex.c.obj
                0x08002152                HAL_SYSTICK_Config
 *fill*         0x0800216a        0x2 
 .text.HAL_Init
                0x0800216c       0x44 CMakeFiles/stm32f4.dir/Drivers/STM32F4xx_HAL_Driver/Src/stm32f4xx_hal.c.obj
                0x0800216c                HAL_Init
 .text.HAL_InitTick
                0x080021b0       0x60 CMakeFiles/stm32f4.dir/Drivers/STM32F4xx_HAL_Driver/Src/stm32f4xx_hal.c.obj
                0x080021b0                HAL_InitTick
 .text.HAL_IncTick
                0x08002210       0x28 CMakeFiles/stm32f4.dir/Drivers/STM32F4xx_HAL_Driver/Src/stm32f4xx_hal.c.obj
                0x08002210                HAL_IncTick
 .text.HAL_GetTick
                0x08002238       0x18 CMakeFiles/stm32f4.dir/Drivers/STM32F4xx_HAL_Driver/Src/stm32f4xx_hal.c.obj
                0x08002238                HAL_GetTick
 .text.HAL_Delay
                0x08002250       0x48 CMakeFiles/stm32f4.dir/Drivers/STM32F4xx_HAL_Driver/Src/stm32f4xx_hal.c.obj
                0x08002250                HAL_Delay
 .text.HAL_CAN_Init
                0x08002298      0x1f6 CMakeFiles/stm32f4.dir/Drivers/STM32F4xx_HAL_Driver/Src/stm32f4xx_hal_can.c.obj
                0x08002298                HAL_CAN_Init
 *fill*         0x0800248e        0x2 
 .text.HAL_CAN_ConfigFilter
                0x08002490      0x1c0 CMakeFiles/stm32f4.dir/Drivers/STM32F4xx_HAL_Driver/Src/stm32f4xx_hal_can.c.obj
                0x08002490                HAL_CAN_ConfigFilter
 .text.HAL_CAN_Start
                0x08002650       0x88 CMakeFiles/stm32f4.dir/Drivers/STM32F4xx_HAL_Driver/Src/stm32f4xx_hal_can.c.obj
                0x08002650                HAL_CAN_Start
 .text.HAL_CAN_AddTxMessage
                0x080026d8      0x1a0 CMakeFiles/stm32f4.dir/Drivers/STM32F4xx_HAL_Driver/Src/stm32f4xx_hal_can.c.obj
                0x080026d8                HAL_CAN_AddTxMessage
 .text.HAL_CAN_GetRxMessage
                0x08002878      0x244 CMakeFiles/stm32f4.dir/Drivers/STM32F4xx_HAL_Driver/Src/stm32f4xx_hal_can.c.obj
                0x08002878                HAL_CAN_GetRxMessage
 .text.HAL_CAN_ActivateNotification
                0x08002abc       0x4c CMakeFiles/stm32f4.dir/Drivers/STM32F4xx_HAL_Driver/Src/stm32f4xx_hal_can.c.obj
                0x08002abc                HAL_CAN_ActivateNotification
 .text.HAL_CAN_IRQHandler
                0x08002b08      0x36e CMakeFiles/stm32f4.dir/Drivers/STM32F4xx_HAL_Driver/Src/stm32f4xx_hal_can.c.obj
                0x08002b08                HAL_CAN_IRQHandler
 .text.HAL_CAN_TxMailbox0CompleteCallback
                0x08002e76       0x14 CMakeFiles/stm32f4.dir/Drivers/STM32F4xx_HAL_Driver/Src/stm32f4xx_hal_can.c.obj
                0x08002e76                HAL_CAN_TxMailbox0CompleteCallback
 .text.HAL_CAN_TxMailbox1CompleteCallback
                0x08002e8a       0x14 CMakeFiles/stm32f4.dir/Drivers/STM32F4xx_HAL_Driver/Src/stm32f4xx_hal_can.c.obj
                0x08002e8a                HAL_CAN_TxMailbox1CompleteCallback
 .text.HAL_CAN_TxMailbox2CompleteCallback
                0x08002e9e       0x14 CMakeFiles/stm32f4.dir/Drivers/STM32F4xx_HAL_Driver/Src/stm32f4xx_hal_can.c.obj
                0x08002e9e                HAL_CAN_TxMailbox2CompleteCallback
 .text.HAL_CAN_TxMailbox0AbortCallback
                0x08002eb2       0x14 CMakeFiles/stm32f4.dir/Drivers/STM32F4xx_HAL_Driver/Src/stm32f4xx_hal_can.c.obj
                0x08002eb2                HAL_CAN_TxMailbox0AbortCallback
 .text.HAL_CAN_TxMailbox1AbortCallback
                0x08002ec6       0x14 CMakeFiles/stm32f4.dir/Drivers/STM32F4xx_HAL_Driver/Src/stm32f4xx_hal_can.c.obj
                0x08002ec6                HAL_CAN_TxMailbox1AbortCallback
 .text.HAL_CAN_TxMailbox2AbortCallback
                0x08002eda       0x14 CMakeFiles/stm32f4.dir/Drivers/STM32F4xx_HAL_Driver/Src/stm32f4xx_hal_can.c.obj
                0x08002eda                HAL_CAN_TxMailbox2AbortCallback
 .text.HAL_CAN_RxFifo0FullCallback
                0x08002eee       0x14 CMakeFiles/stm32f4.dir/Drivers/STM32F4xx_HAL_Driver/Src/stm32f4xx_hal_can.c.obj
                0x08002eee                HAL_CAN_RxFifo0FullCallback
 .text.HAL_CAN_RxFifo1MsgPendingCallback
                0x08002f02       0x14 CMakeFiles/stm32f4.dir/Drivers/STM32F4xx_HAL_Driver/Src/stm32f4xx_hal_can.c.obj
                0x08002f02                HAL_CAN_RxFifo1MsgPendingCallback
 .text.HAL_CAN_RxFifo1FullCallback
                0x08002f16       0x14 CMakeFiles/stm32f4.dir/Drivers/STM32F4xx_HAL_Driver/Src/stm32f4xx_hal_can.c.obj
                0x08002f16                HAL_CAN_RxFifo1FullCallback
 .text.HAL_CAN_SleepCallback
                0x08002f2a       0x14 CMakeFiles/stm32f4.dir/Drivers/STM32F4xx_HAL_Driver/Src/stm32f4xx_hal_can.c.obj
                0x08002f2a                HAL_CAN_SleepCallback
 .text.HAL_CAN_WakeUpFromRxMsgCallback
                0x08002f3e       0x14 CMakeFiles/stm32f4.dir/Drivers/STM32F4xx_HAL_Driver/Src/stm32f4xx_hal_can.c.obj
                0x08002f3e                HAL_CAN_WakeUpFromRxMsgCallback
 .text.HAL_CAN_ErrorCallback
                0x08002f52       0x14 CMakeFiles/stm32f4.dir/Drivers/STM32F4xx_HAL_Driver/Src/stm32f4xx_hal_can.c.obj
                0x08002f52                HAL_CAN_ErrorCallback
 *fill*         0x08002f66        0x2 
 .text.SystemInit
                0x08002f68       0x24 CMakeFiles/stm32f4.dir/Core/Src/system_stm32f4xx.c.obj
                0x08002f68                SystemInit
 .text.Reset_Handler
                0x08002f8c       0x50 CMakeFiles/stm32f4.dir/startup_stm32f412cx.s.obj
                0x08002f8c                Reset_Handler
 .text.Default_Handler
                0x08002fdc        0x2 CMakeFiles/stm32f4.dir/startup_stm32f412cx.s.obj
                0x08002fdc                RTC_Alarm_IRQHandler
                0x08002fdc                EXTI2_IRQHandler
                0x08002fdc                TIM8_CC_IRQHandler
                0x08002fdc                FMPI2C1_EV_IRQHandler
                0x08002fdc                SPI4_IRQHandler
                0x08002fdc                TIM1_CC_IRQHandler
                0x08002fdc                DMA2_Stream5_IRQHandler
                0x08002fdc                DMA1_Stream5_IRQHandler
                0x08002fdc                TIM6_IRQHandler
                0x08002fdc                PVD_IRQHandler
                0x08002fdc                SDIO_IRQHandler
                0x08002fdc                TAMP_STAMP_IRQHandler
                0x08002fdc                CAN2_RX1_IRQHandler
                0x08002fdc                EXTI3_IRQHandler
                0x08002fdc                TIM8_TRG_COM_TIM14_IRQHandler
                0x08002fdc                DFSDM1_FLT1_IRQHandler
                0x08002fdc                TIM1_UP_TIM10_IRQHandler
                0x08002fdc                TIM8_UP_TIM13_IRQHandler
                0x08002fdc                I2C3_ER_IRQHandler
                0x08002fdc                EXTI0_IRQHandler
                0x08002fdc                I2C2_EV_IRQHandler
                0x08002fdc                DMA1_Stream2_IRQHandler
                0x08002fdc                FPU_IRQHandler
                0x08002fdc                CAN2_SCE_IRQHandler
                0x08002fdc                DMA2_Stream2_IRQHandler
                0x08002fdc                SPI1_IRQHandler
                0x08002fdc                TIM1_BRK_TIM9_IRQHandler
                0x08002fdc                CAN2_RX0_IRQHandler
                0x08002fdc                DMA2_Stream3_IRQHandler
                0x08002fdc                USART6_IRQHandler
                0x08002fdc                USART3_IRQHandler
                0x08002fdc                DMA2_Stream0_IRQHandler
                0x08002fdc                TIM4_IRQHandler
                0x08002fdc                I2C1_EV_IRQHandler
                0x08002fdc                DMA1_Stream6_IRQHandler
                0x08002fdc                DMA1_Stream1_IRQHandler
                0x08002fdc                TIM3_IRQHandler
                0x08002fdc                RCC_IRQHandler
                0x08002fdc                TIM8_BRK_TIM12_IRQHandler
                0x08002fdc                Default_Handler
                0x08002fdc                EXTI15_10_IRQHandler
                0x08002fdc                ADC_IRQHandler
                0x08002fdc                DMA1_Stream7_IRQHandler
                0x08002fdc                SPI5_IRQHandler
                0x08002fdc                TIM7_IRQHandler
                0x08002fdc                CAN2_TX_IRQHandler
                0x08002fdc                TIM5_IRQHandler
                0x08002fdc                DMA2_Stream7_IRQHandler
                0x08002fdc                I2C3_EV_IRQHandler
                0x08002fdc                EXTI9_5_IRQHandler
                0x08002fdc                RTC_WKUP_IRQHandler
                0x08002fdc                SPI2_IRQHandler
                0x08002fdc                DMA1_Stream0_IRQHandler
                0x08002fdc                FMPI2C1_ER_IRQHandler
                0x08002fdc                EXTI4_IRQHandler
                0x08002fdc                RNG_IRQHandler
                0x08002fdc                WWDG_IRQHandler
                0x08002fdc                TIM2_IRQHandler
                0x08002fdc                OTG_FS_WKUP_IRQHandler
                0x08002fdc                TIM1_TRG_COM_TIM11_IRQHandler
                0x08002fdc                EXTI1_IRQHandler
                0x08002fdc                USART2_IRQHandler
                0x08002fdc                DFSDM1_FLT0_IRQHandler
                0x08002fdc                I2C2_ER_IRQHandler
                0x08002fdc                DMA2_Stream1_IRQHandler
                0x08002fdc                FLASH_IRQHandler
                0x08002fdc                DMA2_Stream4_IRQHandler
                0x08002fdc                USART1_IRQHandler
                0x08002fdc                OTG_FS_IRQHandler
                0x08002fdc                SPI3_IRQHandler
                0x08002fdc                DMA1_Stream4_IRQHandler
                0x08002fdc                I2C1_ER_IRQHandler
                0x08002fdc                DMA2_Stream6_IRQHandler
                0x08002fdc                DMA1_Stream3_IRQHandler
 *(.glue_7)
 .glue_7        0x08002fde        0x0 linker stubs
 *(.glue_7t)
 .glue_7t       0x08002fde        0x0 linker stubs
 *(.eh_frame)
 *fill*         0x08002fde        0x2 
 .eh_frame      0x08002fe0        0x0 /opt/st/stm32cubeclt_1.16.0/GNU-tools-for-STM32/bin/../lib/gcc/arm-none-eabi/12.3.1/thumb/v7e-m+fp/hard/crtbegin.o
 *(.init)
 .init          0x08002fe0        0x4 /opt/st/stm32cubeclt_1.16.0/GNU-tools-for-STM32/bin/../lib/gcc/arm-none-eabi/12.3.1/thumb/v7e-m+fp/hard/crti.o
                0x08002fe0                _init
 .init          0x08002fe4        0x8 /opt/st/stm32cubeclt_1.16.0/GNU-tools-for-STM32/bin/../lib/gcc/arm-none-eabi/12.3.1/thumb/v7e-m+fp/hard/crtn.o
 *(.fini)
 .fini          0x08002fec        0x4 /opt/st/stm32cubeclt_1.16.0/GNU-tools-for-STM32/bin/../lib/gcc/arm-none-eabi/12.3.1/thumb/v7e-m+fp/hard/crti.o
                0x08002fec                _fini
 .fini          0x08002ff0        0x8 /opt/st/stm32cubeclt_1.16.0/GNU-tools-for-STM32/bin/../lib/gcc/arm-none-eabi/12.3.1/thumb/v7e-m+fp/hard/crtn.o
                0x08002ff8                        . = ALIGN (0x4)
                0x08002ff8                        _etext = .

.vfp11_veneer   0x08002ff8        0x0
 .vfp11_veneer  0x08002ff8        0x0 linker stubs

.v4_bx          0x08002ff8        0x0
 .v4_bx         0x08002ff8        0x0 linker stubs

.iplt           0x08002ff8        0x0
 .iplt          0x08002ff8        0x0 /opt/st/stm32cubeclt_1.16.0/GNU-tools-for-STM32/bin/../lib/gcc/arm-none-eabi/12.3.1/thumb/v7e-m+fp/hard/crtbegin.o

.rodata         0x08002ff8       0x10
                0x08002ff8                        . = ALIGN (0x4)
 *(.rodata)
 *(.rodata*)
 .rodata.AHBPrescTable
                0x08002ff8       0x10 CMakeFiles/stm32f4.dir/Core/Src/system_stm32f4xx.c.obj
                0x08002ff8                AHBPrescTable
                0x08003008                        . = ALIGN (0x4)

.ARM.extab
 *(.ARM.extab* .gnu.linkonce.armextab.*)

.ARM            0x08003008        0x8
                0x08003008                        __exidx_start = .
 *(.ARM.exidx*)
 .ARM.exidx     0x08003008        0x8 /opt/st/stm32cubeclt_1.16.0/GNU-tools-for-STM32/bin/../lib/gcc/arm-none-eabi/12.3.1/thumb/v7e-m+fp/hard/libgcc.a(_udivmoddi4.o)
                0x08003010                        __exidx_end = .

.rel.dyn        0x08003010        0x0
 .rel.iplt      0x08003010        0x0 /opt/st/stm32cubeclt_1.16.0/GNU-tools-for-STM32/bin/../lib/gcc/arm-none-eabi/12.3.1/thumb/v7e-m+fp/hard/crtbegin.o

.preinit_array  0x08003010        0x0
                0x08003010                        PROVIDE (__preinit_array_start = .)
 *(.preinit_array*)
                0x08003010                        PROVIDE (__preinit_array_end = .)

.init_array     0x08003010        0x4
                0x08003010                        PROVIDE (__init_array_start = .)
 *(SORT_BY_NAME(.init_array.*))
 *(.init_array*)
 .init_array    0x08003010        0x4 /opt/st/stm32cubeclt_1.16.0/GNU-tools-for-STM32/bin/../lib/gcc/arm-none-eabi/12.3.1/thumb/v7e-m+fp/hard/crtbegin.o
                0x08003014                        PROVIDE (__init_array_end = .)

.fini_array     0x08003014        0x4
                [!provide]                        PROVIDE (__fini_array_start = .)
 *(SORT_BY_NAME(.fini_array.*))
 *(.fini_array*)
 .fini_array    0x08003014        0x4 /opt/st/stm32cubeclt_1.16.0/GNU-tools-for-STM32/bin/../lib/gcc/arm-none-eabi/12.3.1/thumb/v7e-m+fp/hard/crtbegin.o
                [!provide]                        PROVIDE (__fini_array_end = .)
                0x08003018                        _sidata = LOADADDR (.data)

.data           0x20000000        0xc load address 0x08003018
                0x20000000                        . = ALIGN (0x4)
                0x20000000                        _sdata = .
 *(.data)
 *(.data*)
 .data.uwTickPrio
                0x20000000        0x4 CMakeFiles/stm32f4.dir/Drivers/STM32F4xx_HAL_Driver/Src/stm32f4xx_hal.c.obj
                0x20000000                uwTickPrio
 .data.uwTickFreq
                0x20000004        0x1 CMakeFiles/stm32f4.dir/Drivers/STM32F4xx_HAL_Driver/Src/stm32f4xx_hal.c.obj
                0x20000004                uwTickFreq
 *fill*         0x20000005        0x3 
 .data.SystemCoreClock
                0x20000008        0x4 CMakeFiles/stm32f4.dir/Core/Src/system_stm32f4xx.c.obj
                0x20000008                SystemCoreClock
                0x2000000c                        . = ALIGN (0x4)
                0x2000000c                        _edata = .

.igot.plt       0x2000000c        0x0 load address 0x08003024
 .igot.plt      0x2000000c        0x0 /opt/st/stm32cubeclt_1.16.0/GNU-tools-for-STM32/bin/../lib/gcc/arm-none-eabi/12.3.1/thumb/v7e-m+fp/hard/crtbegin.o
                0x2000000c                        . = ALIGN (0x4)

.bss            0x2000000c       0xe0 load address 0x08003024
                0x2000000c                        _sbss = .
                0x2000000c                        __bss_start__ = _sbss
 *(.bss)
 .bss           0x2000000c       0x1c /opt/st/stm32cubeclt_1.16.0/GNU-tools-for-STM32/bin/../lib/gcc/arm-none-eabi/12.3.1/thumb/v7e-m+fp/hard/crtbegin.o
 *(.bss*)
 .bss.hadc1     0x20000028       0x48 CMakeFiles/stm32f4.dir/Core/Src/main.c.obj
                0x20000028                hadc1
 .bss.hcan1     0x20000070       0x28 CMakeFiles/stm32f4.dir/Core/Src/main.c.obj
                0x20000070                hcan1
 .bss.TxHeader  0x20000098       0x18 CMakeFiles/stm32f4.dir/Core/Src/main.c.obj
                0x20000098                TxHeader
 .bss.value_adc
                0x200000b0        0x2 CMakeFiles/stm32f4.dir/Core/Src/main.c.obj
                0x200000b0                value_adc
 *fill*         0x200000b2        0x2 
 .bss.TxData    0x200000b4        0x8 CMakeFiles/stm32f4.dir/Core/Src/main.c.obj
                0x200000b4                TxData
 .bss.counter   0x200000bc        0x1 CMakeFiles/stm32f4.dir/Core/Src/main.c.obj
                0x200000bc                counter
 *fill*         0x200000bd        0x3 
 .bss.TxMailbox
                0x200000c0        0x4 CMakeFiles/stm32f4.dir/Core/Src/main.c.obj
                0x200000c0                TxMailbox
 .bss.RxHeader  0x200000c4       0x1c CMakeFiles/stm32f4.dir/Core/Src/main.c.obj
                0x200000c4                RxHeader
 .bss.RxData    0x200000e0        0x8 CMakeFiles/stm32f4.dir/Core/Src/main.c.obj
                0x200000e0                RxData
 .bss.uwTick    0x200000e8        0x4 CMakeFiles/stm32f4.dir/Drivers/STM32F4xx_HAL_Driver/Src/stm32f4xx_hal.c.obj
                0x200000e8                uwTick
 *(COMMON)
                0x200000ec                        . = ALIGN (0x4)
                0x200000ec                        _ebss = .
                0x200000ec                        __bss_end__ = _ebss

._user_heap_stack
                0x200000ec      0x604 load address 0x08003024
                0x200000f0                        . = ALIGN (0x8)
 *fill*         0x200000ec        0x4 
                [!provide]                        PROVIDE (end = .)
                0x200000f0                        PROVIDE (_end = .)
                0x200002f0                        . = (. + _Min_Heap_Size)
 *fill*         0x200000f0      0x200 
                0x200006f0                        . = (. + _Min_Stack_Size)
 *fill*         0x200002f0      0x400 
                0x200006f0                        . = ALIGN (0x8)

/DISCARD/
 libc.a(*)
 libm.a(*)
 libgcc.a(*)

.ARM.attributes
                0x00000000       0x30
 *(.ARM.attributes)
 .ARM.attributes
                0x00000000       0x22 /opt/st/stm32cubeclt_1.16.0/GNU-tools-for-STM32/bin/../lib/gcc/arm-none-eabi/12.3.1/thumb/v7e-m+fp/hard/crti.o
 .ARM.attributes
                0x00000022       0x34 /opt/st/stm32cubeclt_1.16.0/GNU-tools-for-STM32/bin/../lib/gcc/arm-none-eabi/12.3.1/thumb/v7e-m+fp/hard/crtbegin.o
 .ARM.attributes
                0x00000056       0x34 /opt/st/stm32cubeclt_1.16.0/GNU-tools-for-STM32/bin/../lib/gcc/arm-none-eabi/12.3.1/../../../../arm-none-eabi/lib/thumb/v7e-m+fp/hard/libc_nano.a(libc_a-memset.o)
 .ARM.attributes
                0x0000008a       0x34 /opt/st/stm32cubeclt_1.16.0/GNU-tools-for-STM32/bin/../lib/gcc/arm-none-eabi/12.3.1/../../../../arm-none-eabi/lib/thumb/v7e-m+fp/hard/libc_nano.a(libc_a-init.o)
 .ARM.attributes
                0x000000be       0x34 CMakeFiles/stm32f4.dir/Core/Src/main.c.obj
 .ARM.attributes
                0x000000f2       0x34 CMakeFiles/stm32f4.dir/Core/Src/stm32f4xx_it.c.obj
 .ARM.attributes
                0x00000126       0x34 CMakeFiles/stm32f4.dir/Core/Src/stm32f4xx_hal_msp.c.obj
 .ARM.attributes
                0x0000015a       0x34 CMakeFiles/stm32f4.dir/Drivers/STM32F4xx_HAL_Driver/Src/stm32f4xx_hal_adc.c.obj
 .ARM.attributes
                0x0000018e       0x34 CMakeFiles/stm32f4.dir/Drivers/STM32F4xx_HAL_Driver/Src/stm32f4xx_hal_rcc.c.obj
 .ARM.attributes
                0x000001c2       0x34 CMakeFiles/stm32f4.dir/Drivers/STM32F4xx_HAL_Driver/Src/stm32f4xx_hal_rcc_ex.c.obj
 .ARM.attributes
                0x000001f6       0x34 CMakeFiles/stm32f4.dir/Drivers/STM32F4xx_HAL_Driver/Src/stm32f4xx_hal_gpio.c.obj
 .ARM.attributes
                0x0000022a       0x34 CMakeFiles/stm32f4.dir/Drivers/STM32F4xx_HAL_Driver/Src/stm32f4xx_hal_cortex.c.obj
 .ARM.attributes
                0x0000025e       0x34 CMakeFiles/stm32f4.dir/Drivers/STM32F4xx_HAL_Driver/Src/stm32f4xx_hal.c.obj
 .ARM.attributes
                0x00000292       0x34 CMakeFiles/stm32f4.dir/Drivers/STM32F4xx_HAL_Driver/Src/stm32f4xx_hal_can.c.obj
 .ARM.attributes
                0x000002c6       0x34 CMakeFiles/stm32f4.dir/Core/Src/system_stm32f4xx.c.obj
 .ARM.attributes
                0x000002fa       0x21 CMakeFiles/stm32f4.dir/startup_stm32f412cx.s.obj
 .ARM.attributes
                0x0000031b       0x22 /opt/st/stm32cubeclt_1.16.0/GNU-tools-for-STM32/bin/../lib/gcc/arm-none-eabi/12.3.1/thumb/v7e-m+fp/hard/libgcc.a(_aeabi_uldivmod.o)
 .ARM.attributes
                0x0000033d       0x34 /opt/st/stm32cubeclt_1.16.0/GNU-tools-for-STM32/bin/../lib/gcc/arm-none-eabi/12.3.1/thumb/v7e-m+fp/hard/libgcc.a(_udivmoddi4.o)
 .ARM.attributes
                0x00000371       0x22 /opt/st/stm32cubeclt_1.16.0/GNU-tools-for-STM32/bin/../lib/gcc/arm-none-eabi/12.3.1/thumb/v7e-m+fp/hard/libgcc.a(_dvmd_tls.o)
 .ARM.attributes
                0x00000393       0x22 /opt/st/stm32cubeclt_1.16.0/GNU-tools-for-STM32/bin/../lib/gcc/arm-none-eabi/12.3.1/thumb/v7e-m+fp/hard/crtn.o
OUTPUT(stm32f4.elf elf32-littlearm)
LOAD linker stubs
LOAD /opt/st/stm32cubeclt_1.16.0/GNU-tools-for-STM32/bin/../lib/gcc/arm-none-eabi/12.3.1/../../../../arm-none-eabi/lib/thumb/v7e-m+fp/hard/libc.a
LOAD /opt/st/stm32cubeclt_1.16.0/GNU-tools-for-STM32/bin/../lib/gcc/arm-none-eabi/12.3.1/../../../../arm-none-eabi/lib/thumb/v7e-m+fp/hard/libm.a
LOAD /opt/st/stm32cubeclt_1.16.0/GNU-tools-for-STM32/bin/../lib/gcc/arm-none-eabi/12.3.1/thumb/v7e-m+fp/hard/libgcc.a

.debug_frame    0x00000000     0x1af4
 .debug_frame   0x00000000       0x20 /opt/st/stm32cubeclt_1.16.0/GNU-tools-for-STM32/bin/../lib/gcc/arm-none-eabi/12.3.1/../../../../arm-none-eabi/lib/thumb/v7e-m+fp/hard/libc_nano.a(libc_a-memset.o)
 .debug_frame   0x00000020       0x2c /opt/st/stm32cubeclt_1.16.0/GNU-tools-for-STM32/bin/../lib/gcc/arm-none-eabi/12.3.1/../../../../arm-none-eabi/lib/thumb/v7e-m+fp/hard/libc_nano.a(libc_a-init.o)
 .debug_frame   0x0000004c      0x140 CMakeFiles/stm32f4.dir/Core/Src/main.c.obj
 .debug_frame   0x0000018c      0x174 CMakeFiles/stm32f4.dir/Core/Src/stm32f4xx_it.c.obj
 .debug_frame   0x00000300       0xc8 CMakeFiles/stm32f4.dir/Core/Src/stm32f4xx_hal_msp.c.obj
 .debug_frame   0x000003c8      0x3fc CMakeFiles/stm32f4.dir/Drivers/STM32F4xx_HAL_Driver/Src/stm32f4xx_hal_adc.c.obj
 .debug_frame   0x000007c4      0x1f4 CMakeFiles/stm32f4.dir/Drivers/STM32F4xx_HAL_Driver/Src/stm32f4xx_hal_rcc.c.obj
 .debug_frame   0x000009b8      0x16c CMakeFiles/stm32f4.dir/Drivers/STM32F4xx_HAL_Driver/Src/stm32f4xx_hal_rcc_ex.c.obj
 .debug_frame   0x00000b24      0x14c CMakeFiles/stm32f4.dir/Drivers/STM32F4xx_HAL_Driver/Src/stm32f4xx_hal_gpio.c.obj
 .debug_frame   0x00000c70      0x4b8 CMakeFiles/stm32f4.dir/Drivers/STM32F4xx_HAL_Driver/Src/stm32f4xx_hal_cortex.c.obj
 .debug_frame   0x00001128      0x374 CMakeFiles/stm32f4.dir/Drivers/STM32F4xx_HAL_Driver/Src/stm32f4xx_hal.c.obj
 .debug_frame   0x0000149c      0x5a0 CMakeFiles/stm32f4.dir/Drivers/STM32F4xx_HAL_Driver/Src/stm32f4xx_hal_can.c.obj
 .debug_frame   0x00001a3c       0x58 CMakeFiles/stm32f4.dir/Core/Src/system_stm32f4xx.c.obj
 .debug_frame   0x00001a94       0x2c /opt/st/stm32cubeclt_1.16.0/GNU-tools-for-STM32/bin/../lib/gcc/arm-none-eabi/12.3.1/thumb/v7e-m+fp/hard/libgcc.a(_aeabi_uldivmod.o)
 .debug_frame   0x00001ac0       0x34 /opt/st/stm32cubeclt_1.16.0/GNU-tools-for-STM32/bin/../lib/gcc/arm-none-eabi/12.3.1/thumb/v7e-m+fp/hard/libgcc.a(_udivmoddi4.o)

.debug_info     0x00000000     0x7771
 .debug_info    0x00000000     0x13b1 CMakeFiles/stm32f4.dir/Core/Src/main.c.obj
 .debug_info    0x000013b1      0x535 CMakeFiles/stm32f4.dir/Core/Src/stm32f4xx_it.c.obj
 .debug_info    0x000018e6      0xf7f CMakeFiles/stm32f4.dir/Core/Src/stm32f4xx_hal_msp.c.obj
 .debug_info    0x00002865      0xcd4 CMakeFiles/stm32f4.dir/Drivers/STM32F4xx_HAL_Driver/Src/stm32f4xx_hal_adc.c.obj
 .debug_info    0x00003539      0x8ac CMakeFiles/stm32f4.dir/Drivers/STM32F4xx_HAL_Driver/Src/stm32f4xx_hal_rcc.c.obj
 .debug_info    0x00003de5      0x793 CMakeFiles/stm32f4.dir/Drivers/STM32F4xx_HAL_Driver/Src/stm32f4xx_hal_rcc_ex.c.obj
 .debug_info    0x00004578      0x6e7 CMakeFiles/stm32f4.dir/Drivers/STM32F4xx_HAL_Driver/Src/stm32f4xx_hal_gpio.c.obj
 .debug_info    0x00004c5f      0xd3f CMakeFiles/stm32f4.dir/Drivers/STM32F4xx_HAL_Driver/Src/stm32f4xx_hal_cortex.c.obj
 .debug_info    0x0000599e      0x93a CMakeFiles/stm32f4.dir/Drivers/STM32F4xx_HAL_Driver/Src/stm32f4xx_hal.c.obj
 .debug_info    0x000062d8      0xf49 CMakeFiles/stm32f4.dir/Drivers/STM32F4xx_HAL_Driver/Src/stm32f4xx_hal_can.c.obj
 .debug_info    0x00007221      0x520 CMakeFiles/stm32f4.dir/Core/Src/system_stm32f4xx.c.obj
 .debug_info    0x00007741       0x30 CMakeFiles/stm32f4.dir/startup_stm32f412cx.s.obj

.debug_abbrev   0x00000000     0x180b
 .debug_abbrev  0x00000000      0x30f CMakeFiles/stm32f4.dir/Core/Src/main.c.obj
 .debug_abbrev  0x0000030f      0x17d CMakeFiles/stm32f4.dir/Core/Src/stm32f4xx_it.c.obj
 .debug_abbrev  0x0000048c      0x209 CMakeFiles/stm32f4.dir/Core/Src/stm32f4xx_hal_msp.c.obj
 .debug_abbrev  0x00000695      0x252 CMakeFiles/stm32f4.dir/Drivers/STM32F4xx_HAL_Driver/Src/stm32f4xx_hal_adc.c.obj
 .debug_abbrev  0x000008e7      0x2ab CMakeFiles/stm32f4.dir/Drivers/STM32F4xx_HAL_Driver/Src/stm32f4xx_hal_rcc.c.obj
 .debug_abbrev  0x00000b92      0x1e4 CMakeFiles/stm32f4.dir/Drivers/STM32F4xx_HAL_Driver/Src/stm32f4xx_hal_rcc_ex.c.obj
 .debug_abbrev  0x00000d76      0x1d4 CMakeFiles/stm32f4.dir/Drivers/STM32F4xx_HAL_Driver/Src/stm32f4xx_hal_gpio.c.obj
 .debug_abbrev  0x00000f4a      0x328 CMakeFiles/stm32f4.dir/Drivers/STM32F4xx_HAL_Driver/Src/stm32f4xx_hal_cortex.c.obj
 .debug_abbrev  0x00001272      0x214 CMakeFiles/stm32f4.dir/Drivers/STM32F4xx_HAL_Driver/Src/stm32f4xx_hal.c.obj
 .debug_abbrev  0x00001486      0x247 CMakeFiles/stm32f4.dir/Drivers/STM32F4xx_HAL_Driver/Src/stm32f4xx_hal_can.c.obj
 .debug_abbrev  0x000016cd      0x11a CMakeFiles/stm32f4.dir/Core/Src/system_stm32f4xx.c.obj
 .debug_abbrev  0x000017e7       0x24 CMakeFiles/stm32f4.dir/startup_stm32f412cx.s.obj

.debug_aranges  0x00000000      0x6e0
 .debug_aranges
                0x00000000       0x60 CMakeFiles/stm32f4.dir/Core/Src/main.c.obj
 .debug_aranges
                0x00000060       0x80 CMakeFiles/stm32f4.dir/Core/Src/stm32f4xx_it.c.obj
 .debug_aranges
                0x000000e0       0x40 CMakeFiles/stm32f4.dir/Core/Src/stm32f4xx_hal_msp.c.obj
 .debug_aranges
                0x00000120       0xe8 CMakeFiles/stm32f4.dir/Drivers/STM32F4xx_HAL_Driver/Src/stm32f4xx_hal_adc.c.obj
 .debug_aranges
                0x00000208       0x88 CMakeFiles/stm32f4.dir/Drivers/STM32F4xx_HAL_Driver/Src/stm32f4xx_hal_rcc.c.obj
 .debug_aranges
                0x00000290       0x60 CMakeFiles/stm32f4.dir/Drivers/STM32F4xx_HAL_Driver/Src/stm32f4xx_hal_rcc_ex.c.obj
 .debug_aranges
                0x000002f0       0x58 CMakeFiles/stm32f4.dir/Drivers/STM32F4xx_HAL_Driver/Src/stm32f4xx_hal_gpio.c.obj
 .debug_aranges
                0x00000348      0x120 CMakeFiles/stm32f4.dir/Drivers/STM32F4xx_HAL_Driver/Src/stm32f4xx_hal_cortex.c.obj
 .debug_aranges
                0x00000468       0xf0 CMakeFiles/stm32f4.dir/Drivers/STM32F4xx_HAL_Driver/Src/stm32f4xx_hal.c.obj
 .debug_aranges
                0x00000558      0x138 CMakeFiles/stm32f4.dir/Drivers/STM32F4xx_HAL_Driver/Src/stm32f4xx_hal_can.c.obj
 .debug_aranges
                0x00000690       0x28 CMakeFiles/stm32f4.dir/Core/Src/system_stm32f4xx.c.obj
 .debug_aranges
                0x000006b8       0x28 CMakeFiles/stm32f4.dir/startup_stm32f412cx.s.obj

.debug_rnglists
                0x00000000      0x517
 .debug_rnglists
                0x00000000       0x48 CMakeFiles/stm32f4.dir/Core/Src/main.c.obj
 .debug_rnglists
                0x00000048       0x5b CMakeFiles/stm32f4.dir/Core/Src/stm32f4xx_it.c.obj
 .debug_rnglists
                0x000000a3       0x2d CMakeFiles/stm32f4.dir/Core/Src/stm32f4xx_hal_msp.c.obj
 .debug_rnglists
                0x000000d0       0xb5 CMakeFiles/stm32f4.dir/Drivers/STM32F4xx_HAL_Driver/Src/stm32f4xx_hal_adc.c.obj
 .debug_rnglists
                0x00000185       0x65 CMakeFiles/stm32f4.dir/Drivers/STM32F4xx_HAL_Driver/Src/stm32f4xx_hal_rcc.c.obj
 .debug_rnglists
                0x000001ea       0x4a CMakeFiles/stm32f4.dir/Drivers/STM32F4xx_HAL_Driver/Src/stm32f4xx_hal_rcc_ex.c.obj
 .debug_rnglists
                0x00000234       0x3f CMakeFiles/stm32f4.dir/Drivers/STM32F4xx_HAL_Driver/Src/stm32f4xx_hal_gpio.c.obj
 .debug_rnglists
                0x00000273       0xd4 CMakeFiles/stm32f4.dir/Drivers/STM32F4xx_HAL_Driver/Src/stm32f4xx_hal_cortex.c.obj
 .debug_rnglists
                0x00000347       0xaf CMakeFiles/stm32f4.dir/Drivers/STM32F4xx_HAL_Driver/Src/stm32f4xx_hal.c.obj
 .debug_rnglists
                0x000003f6       0xee CMakeFiles/stm32f4.dir/Drivers/STM32F4xx_HAL_Driver/Src/stm32f4xx_hal_can.c.obj
 .debug_rnglists
                0x000004e4       0x1a CMakeFiles/stm32f4.dir/Core/Src/system_stm32f4xx.c.obj
 .debug_rnglists
                0x000004fe       0x19 CMakeFiles/stm32f4.dir/startup_stm32f412cx.s.obj

.debug_macro    0x00000000    0x1da77
 .debug_macro   0x00000000      0x1ec CMakeFiles/stm32f4.dir/Core/Src/main.c.obj
 .debug_macro   0x000001ec      0xab4 CMakeFiles/stm32f4.dir/Core/Src/main.c.obj
 .debug_macro   0x00000ca0      0x29b CMakeFiles/stm32f4.dir/Core/Src/main.c.obj
 .debug_macro   0x00000f3b       0x2e CMakeFiles/stm32f4.dir/Core/Src/main.c.obj
 .debug_macro   0x00000f69       0x28 CMakeFiles/stm32f4.dir/Core/Src/main.c.obj
 .debug_macro   0x00000f91       0x22 CMakeFiles/stm32f4.dir/Core/Src/main.c.obj
 .debug_macro   0x00000fb3       0x8e CMakeFiles/stm32f4.dir/Core/Src/main.c.obj
 .debug_macro   0x00001041       0x51 CMakeFiles/stm32f4.dir/Core/Src/main.c.obj
 .debug_macro   0x00001092      0x103 CMakeFiles/stm32f4.dir/Core/Src/main.c.obj
 .debug_macro   0x00001195       0x6a CMakeFiles/stm32f4.dir/Core/Src/main.c.obj
 .debug_macro   0x000011ff      0x1df CMakeFiles/stm32f4.dir/Core/Src/main.c.obj
 .debug_macro   0x000013de       0x1c CMakeFiles/stm32f4.dir/Core/Src/main.c.obj
 .debug_macro   0x000013fa       0x22 CMakeFiles/stm32f4.dir/Core/Src/main.c.obj
 .debug_macro   0x0000141c       0xfb CMakeFiles/stm32f4.dir/Core/Src/main.c.obj
 .debug_macro   0x00001517     0x1011 CMakeFiles/stm32f4.dir/Core/Src/main.c.obj
 .debug_macro   0x00002528      0x11f CMakeFiles/stm32f4.dir/Core/Src/main.c.obj
 .debug_macro   0x00002647    0x13076 CMakeFiles/stm32f4.dir/Core/Src/main.c.obj
 .debug_macro   0x000156bd       0x6d CMakeFiles/stm32f4.dir/Core/Src/main.c.obj
 .debug_macro   0x0001572a     0x368c CMakeFiles/stm32f4.dir/Core/Src/main.c.obj
 .debug_macro   0x00018db6      0x189 CMakeFiles/stm32f4.dir/Core/Src/main.c.obj
 .debug_macro   0x00018f3f       0x5c CMakeFiles/stm32f4.dir/Core/Src/main.c.obj
 .debug_macro   0x00018f9b      0x861 CMakeFiles/stm32f4.dir/Core/Src/main.c.obj
 .debug_macro   0x000197fc      0x9e9 CMakeFiles/stm32f4.dir/Core/Src/main.c.obj
 .debug_macro   0x0001a1e5      0x115 CMakeFiles/stm32f4.dir/Core/Src/main.c.obj
 .debug_macro   0x0001a2fa      0x192 CMakeFiles/stm32f4.dir/Core/Src/main.c.obj
 .debug_macro   0x0001a48c       0xa5 CMakeFiles/stm32f4.dir/Core/Src/main.c.obj
 .debug_macro   0x0001a531      0x151 CMakeFiles/stm32f4.dir/Core/Src/main.c.obj
 .debug_macro   0x0001a682      0x287 CMakeFiles/stm32f4.dir/Core/Src/main.c.obj
 .debug_macro   0x0001a909       0x5f CMakeFiles/stm32f4.dir/Core/Src/main.c.obj
 .debug_macro   0x0001a968      0x236 CMakeFiles/stm32f4.dir/Core/Src/main.c.obj
 .debug_macro   0x0001ab9e      0x9e1 CMakeFiles/stm32f4.dir/Core/Src/main.c.obj
 .debug_macro   0x0001b57f      0x38b CMakeFiles/stm32f4.dir/Core/Src/main.c.obj
 .debug_macro   0x0001b90a      0x176 CMakeFiles/stm32f4.dir/Core/Src/main.c.obj
 .debug_macro   0x0001ba80       0xf9 CMakeFiles/stm32f4.dir/Core/Src/main.c.obj
 .debug_macro   0x0001bb79      0x40f CMakeFiles/stm32f4.dir/Core/Src/main.c.obj
 .debug_macro   0x0001bf88      0x132 CMakeFiles/stm32f4.dir/Core/Src/main.c.obj
 .debug_macro   0x0001c0ba      0x29c CMakeFiles/stm32f4.dir/Core/Src/main.c.obj
 .debug_macro   0x0001c356       0x2e CMakeFiles/stm32f4.dir/Core/Src/main.c.obj
 .debug_macro   0x0001c384      0x127 CMakeFiles/stm32f4.dir/Core/Src/main.c.obj
 .debug_macro   0x0001c4ab       0x91 CMakeFiles/stm32f4.dir/Core/Src/main.c.obj
 .debug_macro   0x0001c53c       0x89 CMakeFiles/stm32f4.dir/Core/Src/main.c.obj
 .debug_macro   0x0001c5c5      0x126 CMakeFiles/stm32f4.dir/Core/Src/main.c.obj
 .debug_macro   0x0001c6eb      0x1f6 CMakeFiles/stm32f4.dir/Core/Src/stm32f4xx_it.c.obj
 .debug_macro   0x0001c8e1      0x1ec CMakeFiles/stm32f4.dir/Core/Src/stm32f4xx_hal_msp.c.obj
 .debug_macro   0x0001cacd      0x1e3 CMakeFiles/stm32f4.dir/Drivers/STM32F4xx_HAL_Driver/Src/stm32f4xx_hal_adc.c.obj
 .debug_macro   0x0001ccb0      0x206 CMakeFiles/stm32f4.dir/Drivers/STM32F4xx_HAL_Driver/Src/stm32f4xx_hal_rcc.c.obj
 .debug_macro   0x0001ceb6      0x1e2 CMakeFiles/stm32f4.dir/Drivers/STM32F4xx_HAL_Driver/Src/stm32f4xx_hal_rcc_ex.c.obj
 .debug_macro   0x0001d098      0x1e8 CMakeFiles/stm32f4.dir/Drivers/STM32F4xx_HAL_Driver/Src/stm32f4xx_hal_gpio.c.obj
 .debug_macro   0x0001d280      0x1e2 CMakeFiles/stm32f4.dir/Drivers/STM32F4xx_HAL_Driver/Src/stm32f4xx_hal_cortex.c.obj
 .debug_macro   0x0001d462      0x242 CMakeFiles/stm32f4.dir/Drivers/STM32F4xx_HAL_Driver/Src/stm32f4xx_hal.c.obj
 .debug_macro   0x0001d6a4      0x1f1 CMakeFiles/stm32f4.dir/Drivers/STM32F4xx_HAL_Driver/Src/stm32f4xx_hal_can.c.obj
 .debug_macro   0x0001d895      0x1e2 CMakeFiles/stm32f4.dir/Core/Src/system_stm32f4xx.c.obj

.debug_line     0x00000000     0x7ed4
 .debug_line    0x00000000      0x8a3 CMakeFiles/stm32f4.dir/Core/Src/main.c.obj
 .debug_line    0x000008a3      0x7bd CMakeFiles/stm32f4.dir/Core/Src/stm32f4xx_it.c.obj
 .debug_line    0x00001060      0x73b CMakeFiles/stm32f4.dir/Core/Src/stm32f4xx_hal_msp.c.obj
 .debug_line    0x0000179b     0x1144 CMakeFiles/stm32f4.dir/Drivers/STM32F4xx_HAL_Driver/Src/stm32f4xx_hal_adc.c.obj
 .debug_line    0x000028df      0xcea CMakeFiles/stm32f4.dir/Drivers/STM32F4xx_HAL_Driver/Src/stm32f4xx_hal_rcc.c.obj
 .debug_line    0x000035c9      0xfb5 CMakeFiles/stm32f4.dir/Drivers/STM32F4xx_HAL_Driver/Src/stm32f4xx_hal_rcc_ex.c.obj
 .debug_line    0x0000457e      0xab0 CMakeFiles/stm32f4.dir/Drivers/STM32F4xx_HAL_Driver/Src/stm32f4xx_hal_gpio.c.obj
 .debug_line    0x0000502e      0xc50 CMakeFiles/stm32f4.dir/Drivers/STM32F4xx_HAL_Driver/Src/stm32f4xx_hal_cortex.c.obj
 .debug_line    0x00005c7e      0x986 CMakeFiles/stm32f4.dir/Drivers/STM32F4xx_HAL_Driver/Src/stm32f4xx_hal.c.obj
 .debug_line    0x00006604     0x1137 CMakeFiles/stm32f4.dir/Drivers/STM32F4xx_HAL_Driver/Src/stm32f4xx_hal_can.c.obj
 .debug_line    0x0000773b      0x71f CMakeFiles/stm32f4.dir/Core/Src/system_stm32f4xx.c.obj
 .debug_line    0x00007e5a       0x7a CMakeFiles/stm32f4.dir/startup_stm32f412cx.s.obj

.debug_str      0x00000000    0xb86f2
 .debug_str     0x00000000    0xb686d CMakeFiles/stm32f4.dir/Core/Src/main.c.obj
                              0xb6b9f (size before relaxing)
 .debug_str     0x000b686d      0x152 CMakeFiles/stm32f4.dir/Core/Src/stm32f4xx_it.c.obj
                              0xb62c7 (size before relaxing)
 .debug_str     0x000b69bf      0x589 CMakeFiles/stm32f4.dir/Core/Src/stm32f4xx_hal_msp.c.obj
                              0xb6c1d (size before relaxing)
 .debug_str     0x000b6f48      0x2eb CMakeFiles/stm32f4.dir/Drivers/STM32F4xx_HAL_Driver/Src/stm32f4xx_hal_adc.c.obj
                              0xb66dc (size before relaxing)
 .debug_str     0x000b7233      0x2c2 CMakeFiles/stm32f4.dir/Drivers/STM32F4xx_HAL_Driver/Src/stm32f4xx_hal_rcc.c.obj
                              0xb6531 (size before relaxing)
 .debug_str     0x000b74f5      0x25c CMakeFiles/stm32f4.dir/Drivers/STM32F4xx_HAL_Driver/Src/stm32f4xx_hal_rcc_ex.c.obj
                              0xb6431 (size before relaxing)
 .debug_str     0x000b7751      0x124 CMakeFiles/stm32f4.dir/Drivers/STM32F4xx_HAL_Driver/Src/stm32f4xx_hal_gpio.c.obj
                              0xb6279 (size before relaxing)
 .debug_str     0x000b7875      0x3fb CMakeFiles/stm32f4.dir/Drivers/STM32F4xx_HAL_Driver/Src/stm32f4xx_hal_cortex.c.obj
                              0xb698a (size before relaxing)
 .debug_str     0x000b7c70      0x59b CMakeFiles/stm32f4.dir/Drivers/STM32F4xx_HAL_Driver/Src/stm32f4xx_hal.c.obj
                              0xb6c49 (size before relaxing)
 .debug_str     0x000b820b      0x41a CMakeFiles/stm32f4.dir/Drivers/STM32F4xx_HAL_Driver/Src/stm32f4xx_hal_can.c.obj
                              0xb67e9 (size before relaxing)
 .debug_str     0x000b8625       0x71 CMakeFiles/stm32f4.dir/Core/Src/system_stm32f4xx.c.obj
                              0xb60f8 (size before relaxing)
 .debug_str     0x000b8696       0x5c CMakeFiles/stm32f4.dir/startup_stm32f412cx.s.obj
                                 0x92 (size before relaxing)

.comment        0x00000000       0x43
 .comment       0x00000000       0x43 CMakeFiles/stm32f4.dir/Core/Src/main.c.obj
                                 0x44 (size before relaxing)
 .comment       0x00000043       0x44 CMakeFiles/stm32f4.dir/Core/Src/stm32f4xx_it.c.obj
 .comment       0x00000043       0x44 CMakeFiles/stm32f4.dir/Core/Src/stm32f4xx_hal_msp.c.obj
 .comment       0x00000043       0x44 CMakeFiles/stm32f4.dir/Drivers/STM32F4xx_HAL_Driver/Src/stm32f4xx_hal_adc.c.obj
 .comment       0x00000043       0x44 CMakeFiles/stm32f4.dir/Drivers/STM32F4xx_HAL_Driver/Src/stm32f4xx_hal_rcc.c.obj
 .comment       0x00000043       0x44 CMakeFiles/stm32f4.dir/Drivers/STM32F4xx_HAL_Driver/Src/stm32f4xx_hal_rcc_ex.c.obj
 .comment       0x00000043       0x44 CMakeFiles/stm32f4.dir/Drivers/STM32F4xx_HAL_Driver/Src/stm32f4xx_hal_gpio.c.obj
 .comment       0x00000043       0x44 CMakeFiles/stm32f4.dir/Drivers/STM32F4xx_HAL_Driver/Src/stm32f4xx_hal_cortex.c.obj
 .comment       0x00000043       0x44 CMakeFiles/stm32f4.dir/Drivers/STM32F4xx_HAL_Driver/Src/stm32f4xx_hal.c.obj
 .comment       0x00000043       0x44 CMakeFiles/stm32f4.dir/Drivers/STM32F4xx_HAL_Driver/Src/stm32f4xx_hal_can.c.obj
 .comment       0x00000043       0x44 CMakeFiles/stm32f4.dir/Core/Src/system_stm32f4xx.c.obj

.debug_line_str
                0x00000000       0x76
 .debug_line_str
                0x00000000       0x76 CMakeFiles/stm32f4.dir/startup_stm32f412cx.s.obj
